  OK Kanton Luzern            discover        form_processed            3.8s
     Ansam Group              discover        authentication_require    4.5s
  OK Vaudoise                 discover        form_processed            5.3s
  OK RUAG                     discover        form_processed            5.9s
     Ansam Group              discover        authentication_require    1.6s
  OK Mimic                    discover        form_processed            6.7s
     Bundesverwaltung         discover        authentication_require    7.1s
  OK Kanton Luzern            discover        form_processed            3.4s
  OK CSS                      discover        form_processed            8.0s
  OK Wavestone                discover        form_processed            8.0s
  OK DeepJudge                discover        form_processed            2.2s
  OK Vaudoise                 discover        form_processed            3.3s
     vlot                     discover        no_application_form       9.6s
  OK Kanton Luzern            discover        form_processed            2.5s
     NVIDIA                   discover        no_application_form       9.8s
     Bundesverwaltung         discover        authentication_require    4.2s
  OK Mimic                    discover        form_processed            4.8s
     Hoshii AG                discover        no_application_form       1.9s
  OK RUAG                     discover        form_processed            6.7s
  OK CSS                      discover        form_processed            5.4s
  OK BS-Team                  discover        form_processed            3.5s
  OK Wavestone                discover        form_processed            5.9s
  OK SonarSource              discover        form_processed            5.3s
     Microsoft                discover        no_application_form       5.9s
  OK AutoForm                 discover        form_processed            2.7s
     Bundesverwaltung         discover        authentication_require    5.4s
  OK AutoForm                 discover        form_processed            2.3s
  OK BS-Team                  discover        form_processed            3.5s
  OK Rivia                    discover        form_processed            5.2s
  OK SonarSource              discover        form_processed            3.2s
  OK Digital Wave Finance AG  discover        form_processed            4.0s
  OK Zürcher Kantonalbank     discover        form_processed            3.6s
  OK EPAM                     discover        form_processed            8.4s
  OK Crypto Finance AG        discover        form_processed            5.5s
  OK BS-Team                  discover        form_processed            3.2s
  OK RUAG                     discover        form_processed            7.9s
  OK Zürcher Kantonalbank     discover        form_processed            3.1s
     Bundesverwaltung         discover        authentication_require    5.1s
     Arina                    discover        no_application_form       1.6s
  OK Crypto Finance AG        discover        form_processed            4.5s
  OK Zürcher Kantonalbank     discover        form_processed            4.8s
  OK Brack                    discover        form_processed            9.4s
  OK NZZ                      discover        form_processed            8.8s
  OK RUAG                     discover        form_processed            6.5s
  OK MSC Cruises              discover        form_processed           10.5s
     ti&m                     discover        no_application_form      11.5s
  OK Pax                      discover        form_processed            9.0s
  OK Destinus                 discover        form_processed            4.9s
  OK Zürcher Kantonalbank     discover        form_processed            4.5s
  OK ONLU AG                  discover        form_processed            1.1s
  OK Alohi                    discover        form_processed            5.0s
  OK Fincons Group            discover        form_processed            2.5s
  OK Harmattan AI             discover        form_processed            2.1s
  OK ANYbotics                discover        form_processed            4.0s
  OK adesso                   discover        form_processed            6.2s
  OK RUAG                     discover        form_processed            6.5s
     ti&m                     discover        no_application_form       6.1s
     Richemont                discover        no_application_form      11.3s
  OK MSC Cruises              discover        form_processed            8.9s
  OK Advertima Vision         discover        form_processed            5.5s
  OK BCG                      discover        form_processed           22.1s
  OK Kanton Genf              discover        form_processed            5.8s
  OK aity AG                  discover        form_processed           10.3s
     Universitätsspital Züric discover        generic_form              4.6s
     Mettler Toledo           discover        no_application_form       9.6s
     Microservice Solutions   discover        no_application_form      15.3s
  OK BKW                      discover        form_processed           15.7s
     Meier Tobler             discover        no_application_form      17.7s
     ti&m                     discover        no_application_form      14.7s
  OK aity AG                  discover        form_processed            6.5s
     finnova                  discover        no_application_form      17.9s
     ti&m                     discover        no_application_form       5.0s
  OK BCG                      discover        form_processed           16.5s
     finnova                  discover        no_application_form       5.3s
     ti&m                     discover        no_application_form       5.4s
     ti&m                     discover        no_application_form       8.2s
     ti&m                     discover        no_application_form       4.8s
  OK BCG                      discover        form_processed           17.4s
     ti&m                     discover        no_application_form       5.1s
  OK BCG                      discover        form_processed           18.0s
{"wall_ms": 92148.6, "employers": 53, "postings": 100, "failed_groups": 0, "mode": "0", "by_mode": {"discover": {"n": 80, "ok": 54, "median_wall_ms": 5437.5}, "skipped": {"n": 20, "ok": 0, "median_wall_ms": 0.0}}, "recordings": 46}
