     Ansam Group              discover        authentication_require    3.3s
  OK DeepJudge                discover        form_processed            3.5s
  OK Kanton Luzern            discover        form_processed            6.5s
  OK Wavestone                discover        form_processed            6.5s
     Ansam Group              discover        authentication_require    3.9s
  OK Mimic                    discover        form_processed            7.7s
     Microsoft                discover        no_application_form       7.9s
  OK Vaudoise                 discover        form_processed            8.3s
  OK RUAG                     discover        form_processed            9.3s
  OK CSS                      discover        form_processed           10.4s
  OK Kanton Luzern            discover        form_processed            5.8s
  OK SonarSource              discover        form_processed            8.4s
  OK Wavestone                discover        form_processed            6.2s
     vlot                     discover        no_application_form      13.5s
     Bundesverwaltung         discover        authentication_require   13.4s
     NVIDIA                   discover        no_application_form      13.9s
  OK Vaudoise                 discover        form_processed            5.7s
  OK Mimic                    discover        form_processed            7.3s
  OK EPAM                     discover        form_processed            9.1s
  OK Kanton Luzern            discover        form_processed            5.0s
  OK RUAG                     discover        form_processed            8.3s
  OK SonarSource              discover        form_processed            5.7s
  OK CSS                      discover        form_processed            7.6s
  OK Rivia                    discover        form_processed            7.4s
  OK AutoForm                 discover        form_processed            7.1s
  OK BS-Team                  discover        form_processed            8.4s
  OK Digital Wave Finance AG  discover        form_processed            7.2s
  OK Zürcher Kantonalbank     discover        form_processed            6.9s
     Bundesverwaltung         discover        authentication_require    9.1s
  OK Crypto Finance AG        discover        form_processed            7.7s
  OK RUAG                     discover        form_processed            7.3s
  OK AutoForm                 discover        form_processed            4.8s
  OK BS-Team                  discover        form_processed            4.8s
  OK Brack                    discover        form_processed            9.4s
  OK ti&m                     discover        form_processed            9.2s
     Hoshii AG                discover        no_application_form      19.0s
  OK Zürcher Kantonalbank     discover        form_processed            5.6s
  OK Crypto Finance AG        discover        form_processed            6.2s
  OK NZZ                      discover        form_processed           10.3s
     Bundesverwaltung         discover        authentication_require    9.3s
  OK RUAG                     discover        form_processed            8.0s
  OK Zürcher Kantonalbank     discover        form_processed            6.6s
  OK Alohi                    discover        form_processed            3.4s
  OK MSC Cruises              discover        form_processed           18.0s
  OK BS-Team                  discover        form_processed           10.0s
  OK Pax                      discover        form_processed           10.2s
  OK Destinus                 discover        form_processed            6.5s
     Arina                    discover        no_application_form      12.4s
     BCG                      discover        no_application_form      18.4s
  OK ti&m                     discover        form_processed           12.6s
     Richemont                discover        no_application_form      12.6s
  OK Zürcher Kantonalbank     discover        form_processed            6.9s
  OK RUAG                     discover        form_processed            8.7s
     Bundesverwaltung         discover        authentication_require   10.1s
  OK ONLU AG                  discover        form_processed            6.2s
  OK Harmattan AI             discover        form_processed            3.8s
  OK ANYbotics                discover        form_processed            9.3s
  OK adesso                   discover        form_processed           11.0s
  OK Fincons Group            discover        form_processed           10.1s
  OK MSC Cruises              discover        form_processed           11.8s
  OK ti&m                     discover        form_processed            8.8s
  OK aity AG                  discover        form_processed            6.3s
  OK Advertima Vision         discover        form_processed            8.3s
  OK finnova                  discover        form_processed            9.9s
  OK Kanton Genf              discover        form_processed            6.7s
  OK aity AG                  discover        form_processed            5.5s
     Universitätsspital Züric discover        generic_form              7.6s
  OK ti&m                     discover        form_processed            6.7s
     Mettler Toledo           discover        no_application_form       9.2s
  OK BKW                      discover        form_processed           13.6s
     Microservice Solutions   discover        no_application_form      14.7s
     Meier Tobler             discover        no_application_form      16.5s
  OK finnova                  discover        form_processed            5.8s
  OK ti&m                     discover        form_processed            4.5s
  OK ti&m                     discover        form_processed            4.0s
  OK ti&m                     discover        form_processed            4.2s
  OK ti&m                     discover        form_processed            3.8s
     BCG                      discover        workflow_failed          97.4s
     BCG                      discover        workflow_failed           0.0s
     BCG                      discover        workflow_failed           0.0s
{"wall_ms": 139261.0, "employers": 53, "postings": 100, "failed_groups": 0, "mode": "0", "by_mode": {"discover": {"n": 80, "ok": 60, "median_wall_ms": 7701.8}, "skipped": {"n": 20, "ok": 0, "median_wall_ms": 0.0}}, "recordings": 46}
