     Ansam Group              discover        authentication_require    3.8s
  OK Kanton Luzern            discover        form_processed            4.1s
     Ansam Group              discover        authentication_require    2.0s
  OK Vaudoise                 discover        form_processed            6.1s
  OK Wavestone                discover        form_processed            6.3s
  OK Kanton Luzern            discover        form_processed            2.9s
  OK Mimic                    discover        form_processed            7.9s
  OK DeepJudge                discover        form_processed            2.5s
  OK CSS                      discover        form_processed            8.5s
     Bundesverwaltung         discover        authentication_require    8.8s
  OK RUAG                     discover        form_processed            9.2s
  OK Vaudoise                 discover        form_processed            5.5s
  OK Kanton Luzern            discover        form_processed            4.7s
  OK Wavestone                discover        form_processed            5.8s
  OK Mimic                    discover        form_processed            4.4s
     vlot                     discover        no_application_form      12.4s
  OK CSS                      discover        form_processed            7.1s
     Microsoft                discover        no_application_form       7.7s
  OK RUAG                     discover        form_processed            7.2s
  OK BS-Team                  discover        form_processed            5.1s
     NVIDIA                   discover        no_application_form      17.5s
  OK SonarSource              discover        form_processed            7.1s
  OK Rivia                    discover        form_processed            6.3s
     Bundesverwaltung         discover        authentication_require   10.0s
  OK AutoForm                 discover        form_processed            3.4s
     EPAM                     discover        no_application_form       8.0s
  OK BS-Team                  discover        form_processed            4.4s
  OK AutoForm                 discover        form_processed            3.5s
  OK Zürcher Kantonalbank     discover        form_processed            4.7s
  OK Digital Wave Finance AG  discover        form_processed            6.3s
     Hoshii AG                discover        no_application_form      10.4s
  OK SonarSource              discover        form_processed            4.9s
  OK RUAG                     discover        form_processed            9.3s
  OK Crypto Finance AG        discover        form_processed            6.9s
  OK BS-Team                  discover        form_processed            4.1s
     Bundesverwaltung         discover        authentication_require    7.9s
  OK Zürcher Kantonalbank     discover        form_processed            4.7s
  OK Brack                    discover        form_processed            7.8s
  OK ti&m                     discover        form_processed            8.1s
  OK Crypto Finance AG        discover        form_processed            6.2s
  OK Zürcher Kantonalbank     discover        form_processed            5.6s
  OK Pax                      discover        form_processed            7.6s
  OK NZZ                      discover        form_processed            9.9s
  OK RUAG                     discover        form_processed            8.4s
     Bundesverwaltung         discover        authentication_require    7.8s
  OK MSC Cruises              discover        form_processed           12.7s
     Arina                    discover        no_application_form       9.9s
  OK Zürcher Kantonalbank     discover        form_processed            5.1s
  OK Alohi                    discover        form_processed            5.3s
  OK Destinus                 discover        form_processed            6.2s
  OK ti&m                     discover        form_processed            9.8s
     Richemont                discover        no_application_form      10.3s
     MSC Cruises              discover        no_application_form       7.3s
  OK Harmattan AI             discover        form_processed            3.0s
  OK ANYbotics                discover        form_processed            5.4s
  OK RUAG                     discover        form_processed            9.2s
  OK adesso                   discover        form_processed            9.1s
  OK ONLU AG                  discover        form_processed            5.8s
  OK ti&m                     discover        form_processed            6.4s
  OK Fincons Group            discover        form_processed            8.1s
  OK Kanton Genf              discover        form_processed            5.1s
     BCG                      discover        no_application_form      26.6s
  OK Advertima Vision         discover        form_processed            5.8s
  OK aity AG                  discover        form_processed            6.9s
  OK finnova                  discover        form_processed            8.4s
     Universitätsspital Züric discover        generic_form              4.6s
  OK BKW                      discover        form_processed           10.5s
  OK ti&m                     discover        form_processed            7.0s
     Meier Tobler             discover        no_application_form      12.0s
  OK aity AG                  discover        form_processed            4.7s
     Mettler Toledo           discover        no_application_form       7.5s
     Microservice Solutions   discover        no_application_form      15.1s
  OK ti&m                     discover        form_processed            5.4s
  OK finnova                  discover        form_processed            8.8s
     BCG                      discover        no_application_form      12.7s
  OK ti&m                     discover        form_processed            5.4s
     BCG                      discover        no_application_form       6.2s
  OK ti&m                     discover        form_processed            5.1s
  OK ti&m                     discover        form_processed            4.5s
     BCG                      discover        no_application_form       6.0s
{"wall_ms": 76243.7, "employers": 53, "postings": 100, "failed_groups": 0, "mode": "0", "by_mode": {"discover": {"n": 80, "ok": 58, "median_wall_ms": 6856.7}, "skipped": {"n": 20, "ok": 0, "median_wall_ms": 0.0}}, "recordings": 46}
