phase 1: 53 items
     CSS                      needs_input                               0.0s
     DeepJudge                needs_input                               0.0s
     SonarSource              needs_input                               0.0s
  OK Wavestone                discover        form_processed           13.1s
     Kanton Luzern            discover        workflow_failed          17.2s
  OK Vaudoise                 replay                                   20.8s
     Hoshii AG                discover        no_application_form      21.1s
     Digital Wave Finance AG  needs_input                               0.3s
     EPAM                     discover        no_application_form      22.0s
     Microsoft                discover        workflow_failed          25.0s
     NVIDIA                   discover        no_application_form      27.9s
     vlot                     discover        no_application_form      29.4s
     MSC Cruises              needs_input                               0.4s
  OK RUAG                     replay                                   31.4s
     NZZ                      needs_input                               0.0s
     Pax                      needs_input                               0.0s
  OK Zürcher Kantonalbank     discover        form_processed           10.9s
  OK AutoForm                 replay                                   11.7s
  OK Crypto Finance AG        replay                                   11.5s
     Alohi                    needs_input                               0.0s
  OK BS-Team                  replay                                   21.9s
     ANYbotics                needs_input                               0.0s
     ONLU AG                  needs_input                               0.0s
  OK Brack                    replay                                   10.2s
     Harmattan AI             needs_input                               0.0s
     Meier Tobler             needs_input                               0.0s
  OK Rivia                    replay                                   20.3s
     Destinus                 needs_input                               4.9s
  OK Fincons Group            discover        form_processed            3.2s
     finnova                  needs_input                               1.0s
  OK Mimic                    replay_fallback form_processed           39.9s
  OK adesso                   discover        form_processed            6.6s
     Richemont                discover        no_application_form       8.5s
     BCG                      discover        no_application_form      28.4s
  OK Advertima Vision         discover        form_processed           21.9s
     Mettler Toledo           discover        navigation_failed        20.5s
     Universitätsspital Züric discover        navigation_failed        21.1s
     BKW                      discover        workflow_failed          25.6s
     ti&m                     replay_fallback workflow_failed          45.4s
     Arina                    discover        no_application_form      44.2s
  OK Kanton Genf              replay_fallback form_processed           35.9s
  OK aity AG                  replay_fallback form_processed           39.7s
     Microservice Solutions   discover        workflow_failed          43.9s
phase 2: 47 items
     CSS                      needs_input                               0.0s
     SonarSource              needs_input                               0.0s
  OK Vaudoise                 replay                                    3.0s
  OK Kanton Luzern            discover        form_processed            3.8s
  OK Kanton Luzern            discover        form_processed            4.0s
  OK BS-Team                  replay                                    3.9s
  OK Wavestone                discover        form_processed            5.1s
  OK Mimic                    replay                                    5.3s
  OK AutoForm                 replay                                    1.6s
  OK BS-Team                  replay                                    4.6s
  OK Crypto Finance AG        replay                                    3.8s
  OK RUAG                     replay                                   12.2s
  OK RUAG                     replay                                   27.5s
  OK RUAG                     replay                                   27.5s
  OK RUAG                     replay                                   27.5s
  OK ti&m                     replay_fallback form_processed           43.8s
     MSC Cruises              needs_input                               0.9s
  OK ti&m                     replay_fallback form_processed           43.5s
  OK Zürcher Kantonalbank     replay_fallback form_processed           48.1s
  OK Zürcher Kantonalbank     replay_fallback form_processed           48.4s
     ti&m                     replay_fallback no_application_form      44.4s
     finnova                  needs_input                               0.9s
  OK ti&m                     replay_fallback form_processed           27.2s
  OK Zürcher Kantonalbank     replay_fallback form_processed           49.5s
     ti&m                     replay_fallback no_application_form      42.7s
     ti&m                     replay_fallback no_application_form      28.2s
  OK aity AG                  replay                                    3.2s
     ti&m                     replay_fallback no_application_form      29.9s
     BCG                      discover        no_application_form      14.1s
     BCG                      discover        no_application_form      28.1s
     BCG                      discover        workflow_failed          38.0s
{"wall_ms": 170784.7, "phase_walls_s": [79.9, 90.9], "employers": 53, "postings": 100, "failed_groups": 0, "mode": "auto", "by_mode": {"discover": {"n": 24, "ok": 8, "median_wall_ms": 21129.4}, "needs_input": {"n": 18, "ok": 0, "median_wall_ms": 3.5}, "skipped": {"n": 26, "ok": 0, "median_wall_ms": 0.0}, "replay": {"n": 18, "ok": 18, "median_wall_ms": 11693.2}, "replay_fallback": {"n": 14, "ok": 9, "median_wall_ms": 43492.2}}, "recordings": 26, "hidden_hosts": ["apply.workable.com", "career.ti8m.com", "careers.bcg.com", "careers.msccruises.com", "careers.richemont.com", "jobs.finnova.com", "jobs.gem.com"], "wall_hosts": ["carrieres.ansam.ch", "jobs.admin.ch"]}
