     Ansam Group              discover        authentication_require    3.9s
  OK DeepJudge                discover        form_processed            4.6s
  OK Kanton Luzern            discover        form_processed            6.8s
     Microsoft                discover        no_application_form       6.4s
  OK Wavestone                discover        form_processed            7.1s
  OK Vaudoise                 discover        form_processed            7.1s
     Ansam Group              discover        authentication_require    3.8s
  OK RUAG                     discover        form_processed            8.0s
  OK Mimic                    discover        form_processed            8.2s
     EPAM                     discover        no_application_form       5.2s
  OK CSS                      discover        form_processed           11.9s
  OK Kanton Luzern            discover        form_processed            6.0s
  OK Wavestone                discover        form_processed            5.9s
  OK Vaudoise                 discover        form_processed            5.9s
     Bundesverwaltung         discover        authentication_require   13.0s
  OK SonarSource              discover        form_processed            9.0s
  OK Mimic                    discover        form_processed            5.8s
     vlot                     discover        no_application_form      15.1s
     NVIDIA                   discover        no_application_form      15.6s
  OK Kanton Luzern            discover        form_processed            4.3s
  OK RUAG                     discover        form_processed            9.3s
  OK BS-Team                  discover        form_processed            5.4s
  OK AutoForm                 discover        form_processed            5.3s
  OK Rivia                    discover        form_processed            7.0s
  OK CSS                      discover        form_processed            8.3s
     Hoshii AG                discover        no_application_form      12.6s
  OK SonarSource              discover        form_processed            6.6s
  OK Zürcher Kantonalbank     discover        form_processed            6.2s
  OK Digital Wave Finance AG  discover        form_processed            7.7s
  OK BS-Team                  discover        form_processed            5.5s
  OK AutoForm                 discover        form_processed            4.6s
  OK Crypto Finance AG        discover        form_processed            7.5s
     Bundesverwaltung         discover        authentication_require   11.2s
  OK RUAG                     discover        form_processed            7.2s
  OK Zürcher Kantonalbank     discover        form_processed            6.1s
  OK BS-Team                  discover        form_processed            4.8s
  OK Crypto Finance AG        discover        form_processed            5.9s
  OK Brack                    discover        form_processed           13.9s
     Bundesverwaltung         discover        authentication_require    7.8s
  OK NZZ                      discover        form_processed           12.0s
  OK RUAG                     discover        form_processed            8.0s
  OK Zürcher Kantonalbank     discover        form_processed            5.5s
  OK Pax                      discover        form_processed           11.9s
  OK MSC Cruises              discover        form_processed           13.7s
  OK Alohi                    discover        form_processed            3.2s
     Arina                    discover        no_application_form      10.8s
  OK ti&m                     discover        form_processed           13.9s
  OK ONLU AG                  discover        form_processed            2.6s
  OK Destinus                 discover        form_processed            7.3s
  OK Zürcher Kantonalbank     discover        form_processed            5.0s
     BCG                      discover        no_application_form      18.8s
  OK Harmattan AI             discover        form_processed            3.0s
  OK adesso                   discover        form_processed            7.3s
  OK RUAG                     discover        form_processed            7.6s
  OK ANYbotics                discover        form_processed            6.9s
     MSC Cruises              discover        no_application_form       7.3s
     Bundesverwaltung         discover        authentication_require    9.8s
  OK Fincons Group            discover        form_processed            8.0s
  OK ti&m                     discover        form_processed            9.6s
     Richemont                discover        no_application_form      16.6s
  OK Kanton Genf              discover        form_processed            5.2s
  OK aity AG                  discover        form_processed            6.8s
  OK Advertima Vision         discover        form_processed            6.7s
     BCG                      discover        no_application_form       8.3s
     Universitätsspital Züric discover        generic_form              6.8s
  OK finnova                  discover        form_processed            9.2s
     Mettler Toledo           discover        no_application_form       7.5s
  OK BKW                      discover        form_processed            9.9s
  OK ti&m                     discover        form_processed            6.5s
     Meier Tobler             discover        no_application_form      13.9s
  OK aity AG                  discover        form_processed            4.6s
     Microservice Solutions   discover        no_application_form      15.5s
  OK finnova                  discover        form_processed            5.8s
     BCG                      discover        no_application_form       7.5s
  OK ti&m                     discover        form_processed            5.3s
  OK ti&m                     discover        form_processed            3.9s
     BCG                      discover        no_application_form       6.2s
  OK ti&m                     discover        form_processed            3.7s
  OK ti&m                     discover        form_processed            3.9s
  OK ti&m                     discover        form_processed            4.2s
{"wall_ms": 73665.6, "employers": 53, "postings": 100, "failed_groups": 0, "mode": "0", "by_mode": {"discover": {"n": 80, "ok": 58, "median_wall_ms": 7058.3}, "skipped": {"n": 20, "ok": 0, "median_wall_ms": 0.0}}, "recordings": 46}
