     Ansam Group              discover        authentication_require    2.9s
  OK Vaudoise                 discover        form_processed            4.2s
  OK Kanton Luzern            discover        form_processed            4.4s
     Ansam Group              discover        authentication_require    1.6s
  OK RUAG                     discover        form_processed            5.9s
  OK Wavestone                discover        form_processed            6.6s
  OK DeepJudge                discover        form_processed            2.2s
     Bundesverwaltung         discover        authentication_require    7.0s
  OK CSS                      discover        form_processed            7.4s
  OK Kanton Luzern            discover        form_processed            3.1s
  OK Vaudoise                 discover        form_processed            3.8s
  OK Mimic                    discover        form_processed            8.1s
  OK Kanton Luzern            discover        form_processed            2.8s
  OK Wavestone                discover        form_processed            5.8s
  OK RUAG                     discover        form_processed            6.8s
  OK Mimic                    discover        form_processed            5.7s
  OK SonarSource              discover        form_processed            6.0s
  OK CSS                      discover        form_processed            6.7s
     Bundesverwaltung         discover        authentication_require    8.0s
     Microsoft                discover        no_application_form      10.6s
     NVIDIA                   discover        no_application_form      18.4s
  OK SonarSource              discover        form_processed            4.8s
     vlot                     discover        no_application_form      19.7s
  OK RUAG                     discover        form_processed            7.2s
  OK BS-Team                  discover        form_processed            6.2s
  OK Rivia                    discover        form_processed            7.0s
     Bundesverwaltung         discover        authentication_require    7.1s
     EPAM                     discover        no_application_form      12.1s
  OK BS-Team                  discover        form_processed            3.4s
  OK Zürcher Kantonalbank     discover        form_processed            4.7s
  OK Digital Wave Finance AG  discover        form_processed            6.2s
  OK Crypto Finance AG        discover        form_processed            5.7s
  OK RUAG                     discover        form_processed            7.2s
  OK Brack                    discover        form_processed            5.9s
  OK BS-Team                  discover        form_processed            3.9s
  OK Zürcher Kantonalbank     discover        form_processed            3.9s
     Bundesverwaltung         discover        authentication_require    7.0s
     Hoshii AG                discover        no_application_form      17.8s
  OK Crypto Finance AG        discover        form_processed            5.4s
  OK Zürcher Kantonalbank     discover        form_processed            3.4s
  OK RUAG                     discover        form_processed            6.8s
  OK MSC Cruises              discover        form_processed           11.7s
  OK NZZ                      discover        form_processed            9.2s
  OK Zürcher Kantonalbank     discover        form_processed            5.9s
  OK Pax                      discover        form_processed            9.0s
  OK Alohi                    discover        form_processed            4.0s
  OK Destinus                 discover        form_processed            6.9s
  OK ANYbotics                discover        form_processed            3.9s
  OK Harmattan AI             discover        form_processed            3.4s
  OK MSC Cruises              discover        form_processed            9.6s
  OK Fincons Group            discover        form_processed            5.2s
     ti&m                     discover        no_application_form      23.8s
  OK ONLU AG                  discover        form_processed            6.0s
  OK adesso                   discover        form_processed           10.5s
     AutoForm                 discover        navigation_failed        30.2s
     Arina                    discover        no_application_form      18.6s
  OK Advertima Vision         discover        form_processed            2.3s
  OK Kanton Genf              discover        form_processed            3.9s
  OK aity AG                  discover        form_processed            8.5s
     Richemont                discover        no_application_form      25.8s
  OK finnova                  discover        form_processed           10.6s
  OK BKW                      discover        form_processed           13.8s
  OK aity AG                  discover        form_processed            5.0s
     Universitätsspital Züric discover        generic_form              4.7s
     BCG                      discover        no_application_form      35.1s
  OK finnova                  discover        form_processed            5.9s
     ti&m                     discover        no_application_form      18.3s
     Mettler Toledo           discover        no_application_form      13.4s
     Microservice Solutions   discover        no_application_form      25.3s
     AutoForm                 discover        navigation_failed        26.7s
     Meier Tobler             discover        no_application_form      29.3s
     ti&m                     discover        no_application_form      12.5s
  OK BCG                      discover        form_processed           19.1s
     ti&m                     discover        no_application_form      12.5s
     BCG                      discover        no_application_form      13.9s
     ti&m                     discover        no_application_form      16.1s
  OK ti&m                     discover        form_processed           13.9s
  OK BCG                      discover        form_processed           27.4s
  OK ti&m                     discover        form_processed            4.3s
  OK ti&m                     discover        form_processed            4.1s
{"wall_ms": 128402.0, "employers": 53, "postings": 100, "failed_groups": 0, "mode": "0", "by_mode": {"discover": {"n": 80, "ok": 54, "median_wall_ms": 6940.3}, "skipped": {"n": 20, "ok": 0, "median_wall_ms": 0.0}}, "recordings": 46}
