{"name": "C-01", "skipped": null, "ok": true, "wall_s": 69.1, "returncode": 0}
{"name": "E01-shallow-r1", "skipped": null, "ok": true, "wall_s": 133.5, "returncode": 0}
{"name": "E10-dcl-r1", "skipped": null, "ok": true, "wall_s": 144.0, "returncode": 0}
{"name": "C-02", "skipped": null, "ok": true, "wall_s": 165.8, "returncode": 0}
{"name": "E11-strict-r1", "skipped": null, "ok": true, "wall_s": 120.9, "returncode": 0}
{"name": "E12-trackers-r1", "skipped": null, "ok": true, "wall_s": 118.9, "returncode": 0}
{"name": "C-03", "skipped": null, "ok": true, "wall_s": 143.6, "returncode": 0}
{"name": "E13-media-r1", "skipped": null, "ok": true, "wall_s": 131.2, "returncode": 0}
{"name": "E15-timeouts-r1", "skipped": null, "ok": true, "wall_s": 164.9, "returncode": 0}
{"name": "C-04", "skipped": null, "ok": true, "wall_s": 141.1, "returncode": 0}
{"name": "E16-empty25-r1", "skipped": null, "ok": true, "wall_s": 125.1, "returncode": 0}
{"name": "E17-usable04-r1", "skipped": null, "ok": true, "wall_s": 116.0, "returncode": 0}
{"name": "C-05", "skipped": null, "ok": true, "wall_s": 118.2, "returncode": 0}
{"name": "E18-preflight-r1", "skipped": null, "ok": true, "wall_s": 81.2, "returncode": 0}
{"name": "E19-freshtabs-r1", "skipped": null, "ok": true, "wall_s": 114.2, "returncode": 0}
{"name": "C-06", "skipped": null, "ok": true, "wall_s": 101.5, "returncode": 0}
{"name": "E20-isolated-r1", "skipped": null, "ok": true, "wall_s": 175.7, "returncode": 0}
{"name": "E22-notrace-r1", "skipped": null, "ok": true, "wall_s": 118.3, "returncode": 0}
{"name": "C-07", "skipped": null, "ok": true, "wall_s": 132.9, "returncode": 0}
{"name": "E08-quiet50-r1", "skipped": null, "ok": true, "wall_s": 116.3, "returncode": 0}
{"name": "E09-w6-r1", "skipped": null, "ok": true, "wall_s": 242.4, "returncode": 0}
{"name": "C-08", "skipped": null, "ok": true, "wall_s": 74.0, "returncode": 0}
{"name": "E09-w14-r1", "skipped": null, "ok": true, "wall_s": 100.3, "returncode": 0}
{"name": "E25-nofilter-r1", "skipped": null, "ok": true, "wall_s": 135.4, "returncode": 0}
{"name": "C-09", "skipped": null, "ok": true, "wall_s": 133.5, "returncode": 0}
{"name": "E09-w14-r2", "skipped": null, "ok": true, "wall_s": 89.0, "returncode": 0}
{"name": "E09-w6-r2", "skipped": null, "ok": true, "wall_s": 231.4, "returncode": 0}
{"name": "C-10", "skipped": null, "ok": true, "wall_s": 128.0, "returncode": 0}
{"name": "E08-quiet50-r2", "skipped": null, "ok": true, "wall_s": 76.0, "returncode": 0}
{"name": "E22-notrace-r2", "skipped": null, "ok": true, "wall_s": 175.1, "returncode": 0}
{"name": "C-11", "skipped": null, "ok": true, "wall_s": 86.2, "returncode": 0}
{"name": "E20-isolated-r2", "skipped": null, "ok": true, "wall_s": 190.0, "returncode": 0}
{"name": "E19-freshtabs-r2", "skipped": null, "ok": true, "wall_s": 102.1, "returncode": 0}
{"name": "C-12", "skipped": null, "ok": true, "wall_s": 121.0, "returncode": 0}
{"name": "E18-preflight-r2", "skipped": null, "ok": true, "wall_s": 138.7, "returncode": 0}
{"name": "E17-usable04-r2", "skipped": null, "ok": true, "wall_s": 76.9, "returncode": 0}
{"name": "C-13", "skipped": null, "ok": true, "wall_s": 113.4, "returncode": 0}
{"name": "E16-empty25-r2", "skipped": null, "ok": true, "wall_s": 101.3, "returncode": 0}
{"name": "E15-timeouts-r2", "skipped": null, "ok": true, "wall_s": 112.2, "returncode": 0}
{"name": "C-14", "skipped": null, "ok": true, "wall_s": 111.3, "returncode": 0}
{"name": "E13-media-r2", "skipped": null, "ok": true, "wall_s": 87.8, "returncode": 0}
{"name": "E12-trackers-r2", "skipped": null, "ok": true, "wall_s": 116.6, "returncode": 0}
{"name": "C-15", "skipped": null, "ok": true, "wall_s": 117.3, "returncode": 0}
{"name": "E11-strict-r2", "skipped": null, "ok": true, "wall_s": 143.1, "returncode": 0}
{"name": "E10-dcl-r2", "skipped": null, "ok": true, "wall_s": 126.4, "returncode": 0}
{"name": "C-16", "skipped": null, "ok": true, "wall_s": 145.7, "returncode": 0}
{"name": "E01-shallow-r2", "skipped": null, "ok": true, "wall_s": 118.4, "returncode": 0}
{"name": "C-17", "skipped": null, "ok": true, "wall_s": 145.1, "returncode": 0}
{"name": "CH-01", "skipped": null, "ok": true, "wall_s": 154.5, "returncode": 0}
{"name": "E03-noblank-r1", "skipped": null, "ok": true, "wall_s": 106.7, "returncode": 0}
{"name": "E04-windows-r1", "skipped": null, "ok": true, "wall_s": 131.7, "returncode": 0}
{"name": "CH-02", "skipped": null, "ok": true, "wall_s": 92.1, "returncode": 0}
{"name": "E04-windows-r2", "skipped": null, "ok": true, "wall_s": 173.5, "returncode": 0}
{"name": "E03-noblank-r2", "skipped": null, "ok": true, "wall_s": 128.0, "returncode": 0}
{"name": "CH-03", "skipped": null, "ok": true, "wall_s": 130.2, "returncode": 0}
